<html>
<body>
<pre>
<h1>µVision Build Log</h1>
<h2>Tool Versions:</h2>
IDE-Version: µVision V5.38.0.0
Copyright (C) 2022 ARM Ltd and ARM Germany GmbH. All rights reserved.
License Information: Dylan 1206472, HP Inc., LIC=----
 
Tool Versions:
Toolchain:       MDK-Lite  Version: 5.38.0.0
Toolchain Path:  C:\Keil_v5\ARM\ARMCLANG\Bin
C Compiler:      ArmClang.exe V6.19
Assembler:       Armasm.exe V6.19
Linker/Locator:  ArmLink.exe V6.19
Library Manager: ArmAr.exe V6.19
Hex Converter:   FromElf.exe V6.19
CPU DLL:         SARMCM3.DLL V5.38.0.0
Dialog DLL:      DCM.DLL V1.17.5.0
Target DLL:      UL2CM3.DLL V1.164.8.0
Dialog DLL:      TCM.DLL V1.56.4.0
 
<h2>Project:</h2>
C:\Users\12064\Desktop\College\422\CSS422_FinalProject\DylanMinhRyan_FinalProject.uvprojx
Project File Date:  11/23/2023

<h2>Output:</h2>
*** Using Compiler 'V6.19', folder: 'C:\Keil_v5\ARM\ARMCLANG\Bin'
Build target 'Target 1'
C_Programs/driver_keil.c(5): warning: a function declaration without a prototype is deprecated in all versions of C [-Wstrict-prototypes]
extern void* _memcpy( );
                    ^
                      void
C_Programs/driver_keil.c(13): warning: unused parameter 'signum' [-Wunused-parameter]
void sig_handler1( int signum ) {
                       ^
C_Programs/driver_keil.c(13): warning: no previous prototype for function 'sig_handler1' [-Wmissing-prototypes]
void sig_handler1( int signum ) {
     ^
C_Programs/driver_keil.c(13): note: declare 'static' if the function is not intended to be used outside of this translation unit
void sig_handler1( int signum ) {
^
static 
C_Programs/driver_keil.c(17): warning: unused parameter 'signum' [-Wunused-parameter]
void sig_handler2( int signum ) {
                       ^
C_Programs/driver_keil.c(17): warning: no previous prototype for function 'sig_handler2' [-Wmissing-prototypes]
void sig_handler2( int signum ) {
     ^
C_Programs/driver_keil.c(17): note: declare 'static' if the function is not intended to be used outside of this translation unit
void sig_handler2( int signum ) {
^
static 
C_Programs/driver_keil.c(41): warning: mixing declarations and code is a C99 extension [-Wdeclaration-after-statement]
        void* mem8 = _malloc( 4096 );
              ^
C_Programs/driver_keil.c(11): warning: no previous extern declaration for non-static variable 'alarmed' [-Wmissing-variable-declarations]
int* alarmed;
     ^
C_Programs/driver_keil.c(11): note: declare 'static' if the variable is not intended to be used outside of this translation unit
int* alarmed;
^
7 warnings generated.
compiling driver_keil.c...
linking...
Program Size: Code=1600 RO-data=544 RW-data=4 ZI-data=616  
".\DylanMinhRyan_FinalProject.axf" - 0 Error(s), 7 Warning(s).

<h2>Software Packages used:</h2>

Package Vendor: ARM
                http://www.keil.com/pack/ARM.CMSIS.5.9.0.pack
                ARM.CMSIS.5.9.0
                CMSIS (Common Microcontroller Software Interface Standard)
   * Component: CORE Version: 5.6.0

Package Vendor: Keil
                http://www.keil.com/pack/Keil.TM4C_DFP.1.1.0.pack
                Keil.TM4C_DFP.1.1.0
                Texas Instruments Tiva C Series Device Support and Examples
   * Component: Startup Version: 1.0.0

<h2>Collection of Component include folders:</h2>
  ./RTE/_Target_1
  C:/Users/12064/AppData/Local/Arm/Packs/ARM/CMSIS/5.9.0/CMSIS/Core/Include
  C:/Users/12064/AppData/Local/Arm/Packs/Keil/TM4C_DFP/1.1.0/Device/Include/TM4C129

<h2>Collection of Component Files used:</h2>

   * Component: ARM::CMSIS:CORE:5.6.0

   * Component: Keil::Device:Startup:1.0.0
      Include file:  Device/Include/TM4C129/TM4C129.h
      Source file:   Device/Source/ARM/startup_TM4C129.s
      Source file:   Device/Source/system_TM4C129.c
Build Time Elapsed:  00:00:00
</pre>
</body>
</html>
